// Jest Snapshot v1, https://goo.gl/fbAQLP

exports[`script tests exports scripts from json 1`] = `
Array [
  Array [
    Object {
      "name": "q",
      "phonetic": "q",
      "script": "ஃ",
    },
    Object {
      "name": "a",
      "phonetic": "a",
      "script": "அ",
    },
    Object {
      "name": "aa",
      "phonetic": "aa",
      "script": "ஆ",
    },
    Object {
      "name": "i",
      "phonetic": "i",
      "script": "இ",
    },
    Object {
      "name": "ii",
      "phonetic": "ii",
      "script": "ஈ",
    },
    Object {
      "name": "u",
      "phonetic": "u",
      "script": "உ",
    },
    Object {
      "name": "uu",
      "phonetic": "uu",
      "script": "ஊ",
    },
    Object {
      "name": "e",
      "phonetic": "e",
      "script": "எ",
    },
    Object {
      "name": "ee",
      "phonetic": "ee",
      "script": "ஏ",
    },
    Object {
      "name": "ai",
      "phonetic": "ai",
      "script": "ஐ",
    },
    Object {
      "name": "o",
      "phonetic": "o",
      "script": "ஒ",
    },
    Object {
      "name": "oo",
      "phonetic": "oo",
      "script": "ஓ",
    },
    Object {
      "name": "au",
      "phonetic": "au",
      "script": "ஔ",
    },
  ],
  Array [
    Object {
      "name": "k",
      "phonetic": "k",
      "script": "க்",
    },
    Object {
      "name": "ka",
      "phonetic": "ka",
      "script": "க",
    },
    Object {
      "name": "kaa",
      "phonetic": "kaa",
      "script": "கா",
    },
    Object {
      "name": "ki",
      "phonetic": "ki",
      "script": "கி",
    },
    Object {
      "name": "kii",
      "phonetic": "kii",
      "script": "கீ",
    },
    Object {
      "name": "ku",
      "phonetic": "ku",
      "script": "கு",
    },
    Object {
      "name": "kuu",
      "phonetic": "kuu",
      "script": "கூ",
    },
    Object {
      "name": "ke",
      "phonetic": "ke",
      "script": "கெ",
    },
    Object {
      "name": "kee",
      "phonetic": "kee",
      "script": "கே",
    },
    Object {
      "name": "kai",
      "phonetic": "kai",
      "script": "கை",
    },
    Object {
      "name": "ko",
      "phonetic": "ko",
      "script": "கொ",
    },
    Object {
      "name": "koo",
      "phonetic": "koo",
      "script": "கோ",
    },
    Object {
      "name": "kau",
      "phonetic": "kau",
      "script": "கௌ",
    },
  ],
  Array [
    Object {
      "name": "ng",
      "phonetic": "ng",
      "script": "ங்",
    },
    Object {
      "name": "nga",
      "phonetic": "nga",
      "script": "ங",
    },
    Object {
      "name": "ngaa",
      "phonetic": "ngaa",
      "script": "ஙா",
    },
    Object {
      "name": "ngi",
      "phonetic": "ngi",
      "script": "ஙி",
    },
    Object {
      "name": "ngii",
      "phonetic": "ngii",
      "script": "ஙீ",
    },
    Object {
      "name": "ngu",
      "phonetic": "ngu",
      "script": "ஙு",
    },
    Object {
      "name": "nguu",
      "phonetic": "nguu",
      "script": "ஙூ",
    },
    Object {
      "name": "nge",
      "phonetic": "nge",
      "script": "ஙெ",
    },
    Object {
      "name": "ngee",
      "phonetic": "ngee",
      "script": "ஙே",
    },
    Object {
      "name": "ngai",
      "phonetic": "ngai",
      "script": "ஙை",
    },
    Object {
      "name": "ngo",
      "phonetic": "ngo",
      "script": "ஙொ",
    },
    Object {
      "name": "ngoo",
      "phonetic": "ngoo",
      "script": "கோ",
    },
    Object {
      "name": "ngau",
      "phonetic": "ngau",
      "script": "ஙௌ",
    },
  ],
  Array [
    Object {
      "name": "c",
      "phonetic": "c",
      "script": "ச்",
    },
    Object {
      "name": "sa",
      "phonetic": "sa",
      "script": "ச",
    },
    Object {
      "name": "saa",
      "phonetic": "saa",
      "script": "சா",
    },
    Object {
      "name": "si",
      "phonetic": "si",
      "script": "சி",
    },
    Object {
      "name": "sii",
      "phonetic": "sii",
      "script": "சீ",
    },
    Object {
      "name": "su",
      "phonetic": "su",
      "script": "சு",
    },
    Object {
      "name": "suu",
      "phonetic": "suu",
      "script": "சூ",
    },
    Object {
      "name": "se",
      "phonetic": "se",
      "script": "செ",
    },
    Object {
      "name": "see",
      "phonetic": "see",
      "script": "சே",
    },
    Object {
      "name": "sai",
      "phonetic": "sai",
      "script": "சை",
    },
    Object {
      "name": "so",
      "phonetic": "so",
      "script": "சொ",
    },
    Object {
      "name": "soo",
      "phonetic": "soo",
      "script": "சோ",
    },
    Object {
      "name": "sau",
      "phonetic": "sau",
      "script": "சௌ",
    },
  ],
  Array [
    Object {
      "name": "nj",
      "phonetic": "nj",
      "script": "ஞ்",
    },
    Object {
      "name": "nja",
      "phonetic": "nja",
      "script": "ஞ",
    },
    Object {
      "name": "njaa",
      "phonetic": "njaa",
      "script": "ஞா",
    },
    Object {
      "name": "nji",
      "phonetic": "nji",
      "script": "ஞி",
    },
    Object {
      "name": "njii",
      "phonetic": "njii",
      "script": "ஞீ",
    },
    Object {
      "name": "nju",
      "phonetic": "nju",
      "script": "ஞு",
    },
    Object {
      "name": "njuu",
      "phonetic": "njuu",
      "script": "ஞூ",
    },
    Object {
      "name": "nje",
      "phonetic": "nje",
      "script": "ஞெ",
    },
    Object {
      "name": "njee",
      "phonetic": "njee",
      "script": "ஞே",
    },
    Object {
      "name": "njai",
      "phonetic": "njai",
      "script": "ஞை",
    },
    Object {
      "name": "njo",
      "phonetic": "njo",
      "script": "ஞொ",
    },
    Object {
      "name": "njoo",
      "phonetic": "njoo",
      "script": "ஞோ",
    },
    Object {
      "name": "njau",
      "phonetic": "njau",
      "script": "ஞௌ",
    },
  ],
  Array [
    Object {
      "name": "d",
      "phonetic": "d",
      "script": "ட்",
    },
    Object {
      "name": "da",
      "phonetic": "da",
      "script": "ட",
    },
    Object {
      "name": "daa",
      "phonetic": "daa",
      "script": "டா",
    },
    Object {
      "name": "di",
      "phonetic": "di",
      "script": "டி",
    },
    Object {
      "name": "dii",
      "phonetic": "dii",
      "script": "டீ",
    },
    Object {
      "name": "du",
      "phonetic": "du",
      "script": "டு",
    },
    Object {
      "name": "duu",
      "phonetic": "duu",
      "script": "டூ",
    },
    Object {
      "name": "de",
      "phonetic": "de",
      "script": "டெ",
    },
    Object {
      "name": "dee",
      "phonetic": "dee",
      "script": "டே",
    },
    Object {
      "name": "dai",
      "phonetic": "dai",
      "script": "டை",
    },
    Object {
      "name": "do",
      "phonetic": "do",
      "script": "டொ",
    },
    Object {
      "name": "doo",
      "phonetic": "doo",
      "script": "டோ",
    },
    Object {
      "name": "dau",
      "phonetic": "dau",
      "script": "டௌ",
    },
  ],
  Array [
    Object {
      "name": "nn",
      "phonetic": "N",
      "script": "ண்",
    },
    Object {
      "name": "nna",
      "phonetic": "Na",
      "script": "ண",
    },
    Object {
      "name": "nnaa",
      "phonetic": "Naa",
      "script": "ணா",
    },
    Object {
      "name": "nni",
      "phonetic": "Ni",
      "script": "ணி",
    },
    Object {
      "name": "nnii",
      "phonetic": "Nii",
      "script": "ணீ",
    },
    Object {
      "name": "nnu",
      "phonetic": "Nu",
      "script": "ணு",
    },
    Object {
      "name": "nnuu",
      "phonetic": "Nuu",
      "script": "ணூ",
    },
    Object {
      "name": "nne",
      "phonetic": "Ne",
      "script": "ணெ",
    },
    Object {
      "name": "nnee",
      "phonetic": "Nee",
      "script": "ணே",
    },
    Object {
      "name": "nnai",
      "phonetic": "Nai",
      "script": "ணை",
    },
    Object {
      "name": "nno",
      "phonetic": "No",
      "script": "ணொ",
    },
    Object {
      "name": "nnoo",
      "phonetic": "Noo",
      "script": "ணோ",
    },
    Object {
      "name": "nnau",
      "phonetic": "Nau",
      "script": "ணௌ",
    },
  ],
  Array [
    Object {
      "name": "th",
      "phonetic": "th",
      "script": "த்",
    },
    Object {
      "name": "tha",
      "phonetic": "tha",
      "script": "த",
    },
    Object {
      "name": "thaa",
      "phonetic": "thaa",
      "script": "தா",
    },
    Object {
      "name": "thi",
      "phonetic": "thi",
      "script": "தி",
    },
    Object {
      "name": "thii",
      "phonetic": "thii",
      "script": "தீ",
    },
    Object {
      "name": "thu",
      "phonetic": "thu",
      "script": "து",
    },
    Object {
      "name": "thuu",
      "phonetic": "thuu",
      "script": "தூ",
    },
    Object {
      "name": "the",
      "phonetic": "the",
      "script": "தெ",
    },
    Object {
      "name": "thee",
      "phonetic": "thee",
      "script": "தே",
    },
    Object {
      "name": "thai",
      "phonetic": "thai",
      "script": "தை",
    },
    Object {
      "name": "tho",
      "phonetic": "tho",
      "script": "தொ",
    },
    Object {
      "name": "thoo",
      "phonetic": "thoo",
      "script": "தோ",
    },
    Object {
      "name": "thau",
      "phonetic": "thau",
      "script": "தௌ",
    },
  ],
  Array [
    Object {
      "name": "nth",
      "phonetic": "nth",
      "script": "ந்",
    },
    Object {
      "name": "ntha",
      "phonetic": "na",
      "script": "ந",
    },
    Object {
      "name": "nthaa",
      "phonetic": "naa",
      "script": "நா",
    },
    Object {
      "name": "nthi",
      "phonetic": "ni",
      "script": "நி",
    },
    Object {
      "name": "nthii",
      "phonetic": "nii",
      "script": "நீ",
    },
    Object {
      "name": "nthu",
      "phonetic": "nu",
      "script": "நு",
    },
    Object {
      "name": "nthuu",
      "phonetic": "nuu",
      "script": "நூ",
    },
    Object {
      "name": "nthe",
      "phonetic": "ne",
      "script": "நெ",
    },
    Object {
      "name": "nthee",
      "phonetic": "nee",
      "script": "நே",
    },
    Object {
      "name": "nthai",
      "phonetic": "nai",
      "script": "நை",
    },
    Object {
      "name": "ntho",
      "phonetic": "no",
      "script": "நொ",
    },
    Object {
      "name": "nthoo",
      "phonetic": "noo",
      "script": "நோ",
    },
    Object {
      "name": "nthau",
      "phonetic": "nau",
      "script": "நௌ",
    },
  ],
  Array [
    Object {
      "name": "p",
      "phonetic": "p",
      "script": "ப்",
    },
    Object {
      "name": "pa",
      "phonetic": "pa",
      "script": "ப",
    },
    Object {
      "name": "paa",
      "phonetic": "paa",
      "script": "பா",
    },
    Object {
      "name": "pi",
      "phonetic": "pi",
      "script": "பி",
    },
    Object {
      "name": "pii",
      "phonetic": "pii",
      "script": "பீ",
    },
    Object {
      "name": "pu",
      "phonetic": "pu",
      "script": "பு",
    },
    Object {
      "name": "puu",
      "phonetic": "puu",
      "script": "பூ",
    },
    Object {
      "name": "pe",
      "phonetic": "pe",
      "script": "பெ",
    },
    Object {
      "name": "pee",
      "phonetic": "pee",
      "script": "பே",
    },
    Object {
      "name": "pai",
      "phonetic": "pai",
      "script": "பை",
    },
    Object {
      "name": "po",
      "phonetic": "po",
      "script": "பொ",
    },
    Object {
      "name": "poo",
      "phonetic": "poo",
      "script": "போ",
    },
    Object {
      "name": "pau",
      "phonetic": "pau",
      "script": "பௌ",
    },
  ],
  Array [
    Object {
      "name": "m",
      "phonetic": "m",
      "script": "ம்",
    },
    Object {
      "name": "ma",
      "phonetic": "ma",
      "script": "ம",
    },
    Object {
      "name": "maa",
      "phonetic": "maa",
      "script": "மா",
    },
    Object {
      "name": "mi",
      "phonetic": "mi",
      "script": "மி",
    },
    Object {
      "name": "mii",
      "phonetic": "mii",
      "script": "மீ",
    },
    Object {
      "name": "mu",
      "phonetic": "mu",
      "script": "மு",
    },
    Object {
      "name": "muu",
      "phonetic": "muu",
      "script": "மூ",
    },
    Object {
      "name": "me",
      "phonetic": "me",
      "script": "மெ",
    },
    Object {
      "name": "mee",
      "phonetic": "mee",
      "script": "மே",
    },
    Object {
      "name": "mai",
      "phonetic": "mai",
      "script": "மை",
    },
    Object {
      "name": "mo",
      "phonetic": "mo",
      "script": "மொ",
    },
    Object {
      "name": "moo",
      "phonetic": "moo",
      "script": "மோ",
    },
    Object {
      "name": "mau",
      "phonetic": "mau",
      "script": "மௌ",
    },
  ],
  Array [
    Object {
      "name": "y",
      "phonetic": "y",
      "script": "ய்",
    },
    Object {
      "name": "ya",
      "phonetic": "ya",
      "script": "ய",
    },
    Object {
      "name": "yaa",
      "phonetic": "yaa",
      "script": "யா",
    },
    Object {
      "name": "yi",
      "phonetic": "yi",
      "script": "யி",
    },
    Object {
      "name": "yii",
      "phonetic": "yii",
      "script": "யீ",
    },
    Object {
      "name": "yu",
      "phonetic": "yu",
      "script": "யு",
    },
    Object {
      "name": "yuu",
      "phonetic": "yuu",
      "script": "யூ",
    },
    Object {
      "name": "ye",
      "phonetic": "ye",
      "script": "யெ",
    },
    Object {
      "name": "yee",
      "phonetic": "yee",
      "script": "யே",
    },
    Object {
      "name": "yai",
      "phonetic": "yai",
      "script": "யை",
    },
    Object {
      "name": "yo",
      "phonetic": "yo",
      "script": "யொ",
    },
    Object {
      "name": "yoo",
      "phonetic": "yoo",
      "script": "யோ",
    },
    Object {
      "name": "yau",
      "phonetic": "yau",
      "script": "யௌ",
    },
  ],
  Array [
    Object {
      "name": "r",
      "phonetic": "r",
      "script": "ர்",
    },
    Object {
      "name": "ta",
      "phonetic": "ta",
      "script": "ர",
    },
    Object {
      "name": "taa",
      "phonetic": "taa",
      "script": "ரா",
    },
    Object {
      "name": "ti",
      "phonetic": "ti",
      "script": "ரி",
    },
    Object {
      "name": "tii",
      "phonetic": "tii",
      "script": "ரீ",
    },
    Object {
      "name": "tu",
      "phonetic": "tu",
      "script": "ரு",
    },
    Object {
      "name": "tuu",
      "phonetic": "tuu",
      "script": "ரூ",
    },
    Object {
      "name": "te",
      "phonetic": "te",
      "script": "ரெ",
    },
    Object {
      "name": "tee",
      "phonetic": "tee",
      "script": "ரே",
    },
    Object {
      "name": "tai",
      "phonetic": "tai",
      "script": "ரை",
    },
    Object {
      "name": "to",
      "phonetic": "to",
      "script": "ரொ",
    },
    Object {
      "name": "too",
      "phonetic": "too",
      "script": "ரோ",
    },
    Object {
      "name": "tau",
      "phonetic": "tau",
      "script": "ரௌ",
    },
  ],
  Array [
    Object {
      "name": "l",
      "phonetic": "l",
      "script": "ல்",
    },
    Object {
      "name": "la",
      "phonetic": "la",
      "script": "ல",
    },
    Object {
      "name": "laa",
      "phonetic": "laa",
      "script": "லா",
    },
    Object {
      "name": "li",
      "phonetic": "li",
      "script": "லி",
    },
    Object {
      "name": "lii",
      "phonetic": "lii",
      "script": "லீ",
    },
    Object {
      "name": "lu",
      "phonetic": "lu",
      "script": "லு",
    },
    Object {
      "name": "luu",
      "phonetic": "luu",
      "script": "லூ",
    },
    Object {
      "name": "le",
      "phonetic": "le",
      "script": "லெ",
    },
    Object {
      "name": "lee",
      "phonetic": "lee",
      "script": "லே",
    },
    Object {
      "name": "lai",
      "phonetic": "lai",
      "script": "லை",
    },
    Object {
      "name": "lo",
      "phonetic": "lo",
      "script": "லொ",
    },
    Object {
      "name": "loo",
      "phonetic": "loo",
      "script": "லோ",
    },
    Object {
      "name": "lau",
      "phonetic": "lau",
      "script": "லௌ",
    },
  ],
  Array [
    Object {
      "name": "v",
      "phonetic": "v",
      "script": "வ்",
    },
    Object {
      "name": "va",
      "phonetic": "va",
      "script": "வ",
    },
    Object {
      "name": "vaa",
      "phonetic": "vaa",
      "script": "வா",
    },
    Object {
      "name": "vi",
      "phonetic": "vi",
      "script": "வி",
    },
    Object {
      "name": "vii",
      "phonetic": "vii",
      "script": "வீ",
    },
    Object {
      "name": "vu",
      "phonetic": "vu",
      "script": "வு",
    },
    Object {
      "name": "vuu",
      "phonetic": "vuu",
      "script": "வூ",
    },
    Object {
      "name": "ve",
      "phonetic": "ve",
      "script": "வெ",
    },
    Object {
      "name": "vee",
      "phonetic": "vee",
      "script": "வே",
    },
    Object {
      "name": "vai",
      "phonetic": "vai",
      "script": "வை",
    },
    Object {
      "name": "vo",
      "phonetic": "vo",
      "script": "வொ",
    },
    Object {
      "name": "voo",
      "phonetic": "voo",
      "script": "வோ",
    },
    Object {
      "name": "vau",
      "phonetic": "vau",
      "script": "வௌ",
    },
  ],
  Array [
    Object {
      "name": "zh",
      "phonetic": "zh",
      "script": "ழ்",
    },
    Object {
      "name": "zha",
      "phonetic": "zha",
      "script": "ழ",
    },
    Object {
      "name": "zhaa",
      "phonetic": "zhaa",
      "script": "ழா",
    },
    Object {
      "name": "zhi",
      "phonetic": "zhi",
      "script": "ழி",
    },
    Object {
      "name": "zhii",
      "phonetic": "zhii",
      "script": "ழீ",
    },
    Object {
      "name": "zhu",
      "phonetic": "zhu",
      "script": "ழு",
    },
    Object {
      "name": "zhuu",
      "phonetic": "zhuu",
      "script": "ழூ",
    },
    Object {
      "name": "zhe",
      "phonetic": "zhe",
      "script": "ழெ",
    },
    Object {
      "name": "zhee",
      "phonetic": "zhee",
      "script": "ழே",
    },
    Object {
      "name": "zhai",
      "phonetic": "zhai",
      "script": "ழை",
    },
    Object {
      "name": "zho",
      "phonetic": "zho",
      "script": "ழொ",
    },
    Object {
      "name": "zhoo",
      "phonetic": "zhoo",
      "script": "ழோ",
    },
    Object {
      "name": "zhau",
      "phonetic": "zhau",
      "script": "ழௌ",
    },
  ],
  Array [
    Object {
      "name": "ll",
      "phonetic": "L",
      "script": "ள்",
    },
    Object {
      "name": "lla",
      "phonetic": "La",
      "script": "ள",
    },
    Object {
      "name": "llaa",
      "phonetic": "Laa",
      "script": "ளா",
    },
    Object {
      "name": "lli",
      "phonetic": "Li",
      "script": "ளி",
    },
    Object {
      "name": "llii",
      "phonetic": "Lii",
      "script": "ளீ",
    },
    Object {
      "name": "llu",
      "phonetic": "Lu",
      "script": "ளு",
    },
    Object {
      "name": "lluu",
      "phonetic": "Luu",
      "script": "ளூ",
    },
    Object {
      "name": "lle",
      "phonetic": "Le",
      "script": "ளெ",
    },
    Object {
      "name": "llee",
      "phonetic": "Lee",
      "script": "ளே",
    },
    Object {
      "name": "llai",
      "phonetic": "Lai",
      "script": "ளை",
    },
    Object {
      "name": "llo",
      "phonetic": "Lo",
      "script": "ளொ",
    },
    Object {
      "name": "lloo",
      "phonetic": "Loo",
      "script": "ளோ",
    },
    Object {
      "name": "llau",
      "phonetic": "Lau",
      "script": "ளௌ",
    },
  ],
  Array [
    Object {
      "name": "t",
      "phonetic": "t",
      "script": "ற்",
    },
    Object {
      "name": "ra",
      "phonetic": "ra",
      "script": "ற",
    },
    Object {
      "name": "raa",
      "phonetic": "raa",
      "script": "றா",
    },
    Object {
      "name": "ri",
      "phonetic": "ri",
      "script": "றி",
    },
    Object {
      "name": "rii",
      "phonetic": "rii",
      "script": "றீ",
    },
    Object {
      "name": "ru",
      "phonetic": "ru",
      "script": "று",
    },
    Object {
      "name": "ruu",
      "phonetic": "ruu",
      "script": "றூ",
    },
    Object {
      "name": "re",
      "phonetic": "re",
      "script": "றெ",
    },
    Object {
      "name": "ree",
      "phonetic": "ree",
      "script": "றே",
    },
    Object {
      "name": "rai",
      "phonetic": "rai",
      "script": "றை",
    },
    Object {
      "name": "ro",
      "phonetic": "ro",
      "script": "றொ",
    },
    Object {
      "name": "roo",
      "phonetic": "roo",
      "script": "றோ",
    },
    Object {
      "name": "rau",
      "phonetic": "rau",
      "script": "றௌ",
    },
  ],
  Array [
    Object {
      "name": "n",
      "phonetic": "n",
      "script": "ன்",
    },
    Object {
      "name": "na",
      "phonetic": "na",
      "script": "ன",
    },
    Object {
      "name": "naa",
      "phonetic": "naa",
      "script": "னா",
    },
    Object {
      "name": "ni",
      "phonetic": "ni",
      "script": "னி",
    },
    Object {
      "name": "nii",
      "phonetic": "nii",
      "script": "னீ",
    },
    Object {
      "name": "nu",
      "phonetic": "nu",
      "script": "னு",
    },
    Object {
      "name": "nuu",
      "phonetic": "nuu",
      "script": "னூ",
    },
    Object {
      "name": "ne",
      "phonetic": "ne",
      "script": "னெ",
    },
    Object {
      "name": "nee",
      "phonetic": "nee",
      "script": "னே",
    },
    Object {
      "name": "nai",
      "phonetic": "nai",
      "script": "னை",
    },
    Object {
      "name": "no",
      "phonetic": "no",
      "script": "னொ",
    },
    Object {
      "name": "noo",
      "phonetic": "noo",
      "script": "னோ",
    },
    Object {
      "name": "nau",
      "phonetic": "nau",
      "script": "னௌ",
    },
  ],
]
`;
