// Jest Snapshot v1, https://goo.gl/fbAQLP

exports[`script tests exports scripts from json 1`] = `
Array [
  Array [
    Object {
      "ipa": "ḵ",
      "iso15919": "x",
      "name": "q",
      "phonetic": "q",
      "script": "ஃ",
    },
    Object {
      "ipa": "a",
      "iso15919": "a",
      "name": "a",
      "phonetic": "a",
      "script": "அ",
    },
    Object {
      "ipa": "aː",
      "iso15919": "ā",
      "name": "aa",
      "phonetic": "aa",
      "script": "ஆ",
    },
    Object {
      "ipa": "i",
      "iso15919": "i",
      "name": "i",
      "phonetic": "i",
      "script": "இ",
    },
    Object {
      "ipa": "iː",
      "iso15919": "ī",
      "name": "ii",
      "phonetic": "ii",
      "script": "ஈ",
    },
    Object {
      "ipa": "u",
      "iso15919": "u",
      "name": "u",
      "phonetic": "u",
      "script": "உ",
    },
    Object {
      "ipa": "uː",
      "iso15919": "ū",
      "name": "uu",
      "phonetic": "uu",
      "script": "ஊ",
    },
    Object {
      "ipa": "e",
      "iso15919": "e",
      "name": "e",
      "phonetic": "e",
      "script": "எ",
    },
    Object {
      "ipa": "eː",
      "iso15919": "ē",
      "name": "ee",
      "phonetic": "ee",
      "script": "ஏ",
    },
    Object {
      "ipa": "aɪ",
      "iso15919": "ai",
      "name": "ai",
      "phonetic": "ai",
      "script": "ஐ",
    },
    Object {
      "ipa": "o",
      "iso15919": "o",
      "name": "o",
      "phonetic": "o",
      "script": "ஒ",
    },
    Object {
      "ipa": "oː",
      "iso15919": "ō",
      "name": "oo",
      "phonetic": "oo",
      "script": "ஓ",
    },
    Object {
      "ipa": "aʊ",
      "iso15919": "au",
      "name": "au",
      "phonetic": "au",
      "script": "ஔ",
    },
  ],
  Array [
    Object {
      "ipa": "k",
      "iso15919": "k",
      "name": "k",
      "phonetic": "k",
      "script": "க்",
    },
    Object {
      "ipa": "ka",
      "iso15919": "ka",
      "name": "ka",
      "phonetic": "ka",
      "script": "க",
    },
    Object {
      "ipa": "kaː",
      "iso15919": "kā",
      "name": "kaa",
      "phonetic": "kaa",
      "script": "கா",
    },
    Object {
      "ipa": "ki",
      "iso15919": "ki",
      "name": "ki",
      "phonetic": "ki",
      "script": "கி",
    },
    Object {
      "ipa": "kiː",
      "iso15919": "kī",
      "name": "kii",
      "phonetic": "kii",
      "script": "கீ",
    },
    Object {
      "ipa": "ku",
      "iso15919": "ku",
      "name": "ku",
      "phonetic": "ku",
      "script": "கு",
    },
    Object {
      "ipa": "kuː",
      "iso15919": "kū",
      "name": "kuu",
      "phonetic": "kuu",
      "script": "கூ",
    },
    Object {
      "ipa": "ke",
      "iso15919": "ke",
      "name": "ke",
      "phonetic": "ke",
      "script": "கெ",
    },
    Object {
      "ipa": "keː",
      "iso15919": "kē",
      "name": "kee",
      "phonetic": "kee",
      "script": "கே",
    },
    Object {
      "ipa": "kaɪ",
      "iso15919": "kai",
      "name": "kai",
      "phonetic": "kai",
      "script": "கை",
    },
    Object {
      "ipa": "ko",
      "iso15919": "ko",
      "name": "ko",
      "phonetic": "ko",
      "script": "கொ",
    },
    Object {
      "ipa": "koː",
      "iso15919": "kō",
      "name": "koo",
      "phonetic": "koo",
      "script": "கோ",
    },
    Object {
      "ipa": "kaʊ",
      "iso15919": "kau",
      "name": "kau",
      "phonetic": "kau",
      "script": "கௌ",
    },
  ],
  Array [
    Object {
      "ipa": "ŋ",
      "iso15919": "ṅ",
      "name": "ng",
      "phonetic": "ng",
      "script": "ங்",
    },
    Object {
      "ipa": "ŋa",
      "iso15919": "ṅa",
      "name": "nga",
      "phonetic": "nga",
      "script": "ங",
    },
    Object {
      "ipa": "ŋaː",
      "iso15919": "ṅā",
      "name": "ngaa",
      "phonetic": "ngaa",
      "script": "ஙா",
    },
    Object {
      "ipa": "ŋi",
      "iso15919": "ṅi",
      "name": "ngi",
      "phonetic": "ngi",
      "script": "ஙி",
    },
    Object {
      "ipa": "ŋiː",
      "iso15919": "ṅī",
      "name": "ngii",
      "phonetic": "ngii",
      "script": "ஙீ",
    },
    Object {
      "ipa": "ŋu",
      "iso15919": "ṅu",
      "name": "ngu",
      "phonetic": "ngu",
      "script": "ஙு",
    },
    Object {
      "ipa": "ŋuː",
      "iso15919": "ṅū",
      "name": "nguu",
      "phonetic": "nguu",
      "script": "ஙூ",
    },
    Object {
      "ipa": "ŋe",
      "iso15919": "ṅe",
      "name": "nge",
      "phonetic": "nge",
      "script": "ஙெ",
    },
    Object {
      "ipa": "ŋeː",
      "iso15919": "ṅē",
      "name": "ngee",
      "phonetic": "ngee",
      "script": "ஙே",
    },
    Object {
      "ipa": "ŋaɪ",
      "iso15919": "ṅai",
      "name": "ngai",
      "phonetic": "ngai",
      "script": "ஙை",
    },
    Object {
      "ipa": "ŋo",
      "iso15919": "ṅo",
      "name": "ngo",
      "phonetic": "ngo",
      "script": "ஙொ",
    },
    Object {
      "ipa": "ŋoː",
      "iso15919": "ṅō",
      "name": "ngoo",
      "phonetic": "ngoo",
      "script": "ஙோ",
    },
    Object {
      "ipa": "ŋaʊ",
      "iso15919": "ṅau",
      "name": "ngau",
      "phonetic": "ngau",
      "script": "ஙௌ",
    },
  ],
  Array [
    Object {
      "ipa": "t͡ɕ",
      "iso15919": "c",
      "name": "c",
      "phonetic": "c",
      "script": "ச்",
    },
    Object {
      "ipa": "t͡ɕa",
      "iso15919": "ca",
      "name": "sa",
      "phonetic": "sa",
      "script": "ச",
    },
    Object {
      "ipa": "t͡ɕaː",
      "iso15919": "cā",
      "name": "saa",
      "phonetic": "saa",
      "script": "சா",
    },
    Object {
      "ipa": "t͡ɕi",
      "iso15919": "ci",
      "name": "si",
      "phonetic": "si",
      "script": "சி",
    },
    Object {
      "ipa": "t͡ɕiː",
      "iso15919": "cī",
      "name": "sii",
      "phonetic": "sii",
      "script": "சீ",
    },
    Object {
      "ipa": "t͡ɕu",
      "iso15919": "cu",
      "name": "su",
      "phonetic": "su",
      "script": "சு",
    },
    Object {
      "ipa": "t͡ɕuː",
      "iso15919": "cū",
      "name": "suu",
      "phonetic": "suu",
      "script": "சூ",
    },
    Object {
      "ipa": "t͡ɕe",
      "iso15919": "ce",
      "name": "se",
      "phonetic": "se",
      "script": "செ",
    },
    Object {
      "ipa": "t͡ɕeː",
      "iso15919": "cē",
      "name": "see",
      "phonetic": "see",
      "script": "சே",
    },
    Object {
      "ipa": "t͡ɕaɪ",
      "iso15919": "cai",
      "name": "sai",
      "phonetic": "sai",
      "script": "சை",
    },
    Object {
      "ipa": "t͡ɕo",
      "iso15919": "co",
      "name": "so",
      "phonetic": "so",
      "script": "சொ",
    },
    Object {
      "ipa": "t͡ɕoː",
      "iso15919": "cō",
      "name": "soo",
      "phonetic": "soo",
      "script": "சோ",
    },
    Object {
      "ipa": "t͡ɕaʊ",
      "iso15919": "cau",
      "name": "sau",
      "phonetic": "sau",
      "script": "சௌ",
    },
  ],
  Array [
    Object {
      "ipa": "ɲ",
      "iso15919": "ñ",
      "name": "nj",
      "phonetic": "nj",
      "script": "ஞ்",
    },
    Object {
      "ipa": "ɲa",
      "iso15919": "ña",
      "name": "nja",
      "phonetic": "nja",
      "script": "ஞ",
    },
    Object {
      "ipa": "ɲaː",
      "iso15919": "ñā",
      "name": "njaa",
      "phonetic": "njaa",
      "script": "ஞா",
    },
    Object {
      "ipa": "ɲi",
      "iso15919": "ñi",
      "name": "nji",
      "phonetic": "nji",
      "script": "ஞி",
    },
    Object {
      "ipa": "ɲiː",
      "iso15919": "ñī",
      "name": "njii",
      "phonetic": "njii",
      "script": "ஞீ",
    },
    Object {
      "ipa": "ɲu",
      "iso15919": "ñu",
      "name": "nju",
      "phonetic": "nju",
      "script": "ஞு",
    },
    Object {
      "ipa": "ɲuː",
      "iso15919": "ñū",
      "name": "njuu",
      "phonetic": "njuu",
      "script": "ஞூ",
    },
    Object {
      "ipa": "ɲe",
      "iso15919": "ñe",
      "name": "nje",
      "phonetic": "nje",
      "script": "ஞெ",
    },
    Object {
      "ipa": "ɲeː",
      "iso15919": "ñē",
      "name": "njee",
      "phonetic": "njee",
      "script": "ஞே",
    },
    Object {
      "ipa": "ɲaɪ",
      "iso15919": "ñai",
      "name": "njai",
      "phonetic": "njai",
      "script": "ஞை",
    },
    Object {
      "ipa": "ɲo",
      "iso15919": "ño",
      "name": "njo",
      "phonetic": "njo",
      "script": "ஞொ",
    },
    Object {
      "ipa": "ɲoː",
      "iso15919": "ñō",
      "name": "njoo",
      "phonetic": "njoo",
      "script": "ஞோ",
    },
    Object {
      "ipa": "ɲaʊ",
      "iso15919": "ñau",
      "name": "njau",
      "phonetic": "njau",
      "script": "ஞௌ",
    },
  ],
  Array [
    Object {
      "ipa": "ɖ",
      "iso15919": "ṭ",
      "name": "d",
      "phonetic": "d",
      "script": "ட்",
    },
    Object {
      "ipa": "ɖa",
      "iso15919": "ṭa",
      "name": "da",
      "phonetic": "da",
      "script": "ட",
    },
    Object {
      "ipa": "ɖaː",
      "iso15919": "ṭā",
      "name": "daa",
      "phonetic": "daa",
      "script": "டா",
    },
    Object {
      "ipa": "ɖi",
      "iso15919": "ṭi",
      "name": "di",
      "phonetic": "di",
      "script": "டி",
    },
    Object {
      "ipa": "ɖiː",
      "iso15919": "ṭī",
      "name": "dii",
      "phonetic": "dii",
      "script": "டீ",
    },
    Object {
      "ipa": "ɖu",
      "iso15919": "ṭu",
      "name": "du",
      "phonetic": "du",
      "script": "டு",
    },
    Object {
      "ipa": "ɖuː",
      "iso15919": "ṭū",
      "name": "duu",
      "phonetic": "duu",
      "script": "டூ",
    },
    Object {
      "ipa": "ɖe",
      "iso15919": "ṭe",
      "name": "de",
      "phonetic": "de",
      "script": "டெ",
    },
    Object {
      "ipa": "ɖeː",
      "iso15919": "ṭē",
      "name": "dee",
      "phonetic": "dee",
      "script": "டே",
    },
    Object {
      "ipa": "ɖaɪ",
      "iso15919": "ṭai",
      "name": "dai",
      "phonetic": "dai",
      "script": "டை",
    },
    Object {
      "ipa": "ɖo",
      "iso15919": "ṭo",
      "name": "do",
      "phonetic": "do",
      "script": "டொ",
    },
    Object {
      "ipa": "ɖoː",
      "iso15919": "ṭō",
      "name": "doo",
      "phonetic": "doo",
      "script": "டோ",
    },
    Object {
      "ipa": "ɖaʊ",
      "iso15919": "ṭau",
      "name": "dau",
      "phonetic": "dau",
      "script": "டௌ",
    },
  ],
  Array [
    Object {
      "ipa": "ɳ",
      "iso15919": "ṇ",
      "name": "nn",
      "phonetic": "N",
      "script": "ண்",
    },
    Object {
      "ipa": "ɳa",
      "iso15919": "ṇa",
      "name": "nna",
      "phonetic": "Na",
      "script": "ண",
    },
    Object {
      "ipa": "ɳaː",
      "iso15919": "ṇā",
      "name": "nnaa",
      "phonetic": "Naa",
      "script": "ணா",
    },
    Object {
      "ipa": "ɳi",
      "iso15919": "ṇi",
      "name": "nni",
      "phonetic": "Ni",
      "script": "ணி",
    },
    Object {
      "ipa": "ɳiː",
      "iso15919": "ṇī",
      "name": "nnii",
      "phonetic": "Nii",
      "script": "ணீ",
    },
    Object {
      "ipa": "ɳu",
      "iso15919": "ṇu",
      "name": "nnu",
      "phonetic": "Nu",
      "script": "ணு",
    },
    Object {
      "ipa": "ɳuː",
      "iso15919": "ṇū",
      "name": "nnuu",
      "phonetic": "Nuu",
      "script": "ணூ",
    },
    Object {
      "ipa": "ɳe",
      "iso15919": "ṇe",
      "name": "nne",
      "phonetic": "Ne",
      "script": "ணெ",
    },
    Object {
      "ipa": "ɳeː",
      "iso15919": "ṇē",
      "name": "nnee",
      "phonetic": "Nee",
      "script": "ணே",
    },
    Object {
      "ipa": "ɳaɪ",
      "iso15919": "ṇai",
      "name": "nnai",
      "phonetic": "Nai",
      "script": "ணை",
    },
    Object {
      "ipa": "ɳo",
      "iso15919": "ṇo",
      "name": "nno",
      "phonetic": "No",
      "script": "ணொ",
    },
    Object {
      "ipa": "ɳoː",
      "iso15919": "ṇō",
      "name": "nnoo",
      "phonetic": "Noo",
      "script": "ணோ",
    },
    Object {
      "ipa": "ɳaʊ",
      "iso15919": "ṇau",
      "name": "nnau",
      "phonetic": "Nau",
      "script": "ணௌ",
    },
  ],
  Array [
    Object {
      "ipa": "t",
      "iso15919": "t",
      "name": "th",
      "phonetic": "th",
      "script": "த்",
    },
    Object {
      "ipa": "ta",
      "iso15919": "ta",
      "name": "tha",
      "phonetic": "tha",
      "script": "த",
    },
    Object {
      "ipa": "taː",
      "iso15919": "tā",
      "name": "thaa",
      "phonetic": "thaa",
      "script": "தா",
    },
    Object {
      "ipa": "ti",
      "iso15919": "ti",
      "name": "thi",
      "phonetic": "thi",
      "script": "தி",
    },
    Object {
      "ipa": "tiː",
      "iso15919": "tī",
      "name": "thii",
      "phonetic": "thii",
      "script": "தீ",
    },
    Object {
      "ipa": "tu",
      "iso15919": "tu",
      "name": "thu",
      "phonetic": "thu",
      "script": "து",
    },
    Object {
      "ipa": "tuː",
      "iso15919": "tū",
      "name": "thuu",
      "phonetic": "thuu",
      "script": "தூ",
    },
    Object {
      "ipa": "te",
      "iso15919": "te",
      "name": "the",
      "phonetic": "the",
      "script": "தெ",
    },
    Object {
      "ipa": "teː",
      "iso15919": "tē",
      "name": "thee",
      "phonetic": "thee",
      "script": "தே",
    },
    Object {
      "ipa": "taɪ",
      "iso15919": "tai",
      "name": "thai",
      "phonetic": "thai",
      "script": "தை",
    },
    Object {
      "ipa": "to",
      "iso15919": "to",
      "name": "tho",
      "phonetic": "tho",
      "script": "தொ",
    },
    Object {
      "ipa": "toː",
      "iso15919": "tō",
      "name": "thoo",
      "phonetic": "thoo",
      "script": "தோ",
    },
    Object {
      "ipa": "taʊ",
      "iso15919": "tau",
      "name": "thau",
      "phonetic": "thau",
      "script": "தௌ",
    },
  ],
  Array [
    Object {
      "ipa": "n̪",
      "iso15919": "n",
      "name": "nth",
      "phonetic": "nth",
      "script": "ந்",
    },
    Object {
      "ipa": "n̪a",
      "iso15919": "na",
      "name": "ntha",
      "phonetic": "na",
      "script": "ந",
    },
    Object {
      "ipa": "n̪aː",
      "iso15919": "nā",
      "name": "nthaa",
      "phonetic": "naa",
      "script": "நா",
    },
    Object {
      "ipa": "n̪i",
      "iso15919": "ni",
      "name": "nthi",
      "phonetic": "ni",
      "script": "நி",
    },
    Object {
      "ipa": "n̪iː",
      "iso15919": "nī",
      "name": "nthii",
      "phonetic": "nii",
      "script": "நீ",
    },
    Object {
      "ipa": "n̪u",
      "iso15919": "nu",
      "name": "nthu",
      "phonetic": "nu",
      "script": "நு",
    },
    Object {
      "ipa": "n̪uː",
      "iso15919": "nū",
      "name": "nthuu",
      "phonetic": "nuu",
      "script": "நூ",
    },
    Object {
      "ipa": "n̪e",
      "iso15919": "ne",
      "name": "nthe",
      "phonetic": "ne",
      "script": "நெ",
    },
    Object {
      "ipa": "n̪eː",
      "iso15919": "nē",
      "name": "nthee",
      "phonetic": "nee",
      "script": "நே",
    },
    Object {
      "ipa": "n̪aɪ",
      "iso15919": "nai",
      "name": "nthai",
      "phonetic": "nai",
      "script": "நை",
    },
    Object {
      "ipa": "n̪o",
      "iso15919": "no",
      "name": "ntho",
      "phonetic": "no",
      "script": "நொ",
    },
    Object {
      "ipa": "n̪oː",
      "iso15919": "nō",
      "name": "nthoo",
      "phonetic": "noo",
      "script": "நோ",
    },
    Object {
      "ipa": "n̪aʊ",
      "iso15919": "nau",
      "name": "nthau",
      "phonetic": "nau",
      "script": "நௌ",
    },
  ],
  Array [
    Object {
      "ipa": "p",
      "iso15919": "p",
      "name": "p",
      "phonetic": "p",
      "script": "ப்",
    },
    Object {
      "ipa": "pa",
      "iso15919": "pa",
      "name": "pa",
      "phonetic": "pa",
      "script": "ப",
    },
    Object {
      "ipa": "paː",
      "iso15919": "pā",
      "name": "paa",
      "phonetic": "paa",
      "script": "பா",
    },
    Object {
      "ipa": "pi",
      "iso15919": "pi",
      "name": "pi",
      "phonetic": "pi",
      "script": "பி",
    },
    Object {
      "ipa": "piː",
      "iso15919": "pī",
      "name": "pii",
      "phonetic": "pii",
      "script": "பீ",
    },
    Object {
      "ipa": "pu",
      "iso15919": "pu",
      "name": "pu",
      "phonetic": "pu",
      "script": "பு",
    },
    Object {
      "ipa": "puː",
      "iso15919": "pū",
      "name": "puu",
      "phonetic": "puu",
      "script": "பூ",
    },
    Object {
      "ipa": "pe",
      "iso15919": "pe",
      "name": "pe",
      "phonetic": "pe",
      "script": "பெ",
    },
    Object {
      "ipa": "peː",
      "iso15919": "pē",
      "name": "pee",
      "phonetic": "pee",
      "script": "பே",
    },
    Object {
      "ipa": "paɪ",
      "iso15919": "pai",
      "name": "pai",
      "phonetic": "pai",
      "script": "பை",
    },
    Object {
      "ipa": "po",
      "iso15919": "po",
      "name": "po",
      "phonetic": "po",
      "script": "பொ",
    },
    Object {
      "ipa": "poː",
      "iso15919": "pō",
      "name": "poo",
      "phonetic": "poo",
      "script": "போ",
    },
    Object {
      "ipa": "paʊ",
      "iso15919": "pau",
      "name": "pau",
      "phonetic": "pau",
      "script": "பௌ",
    },
  ],
  Array [
    Object {
      "ipa": "m",
      "iso15919": "m",
      "name": "m",
      "phonetic": "m",
      "script": "ம்",
    },
    Object {
      "ipa": "ma",
      "iso15919": "ma",
      "name": "ma",
      "phonetic": "ma",
      "script": "ம",
    },
    Object {
      "ipa": "maː",
      "iso15919": "mā",
      "name": "maa",
      "phonetic": "maa",
      "script": "மா",
    },
    Object {
      "ipa": "mi",
      "iso15919": "mi",
      "name": "mi",
      "phonetic": "mi",
      "script": "மி",
    },
    Object {
      "ipa": "miː",
      "iso15919": "mī",
      "name": "mii",
      "phonetic": "mii",
      "script": "மீ",
    },
    Object {
      "ipa": "mu",
      "iso15919": "mu",
      "name": "mu",
      "phonetic": "mu",
      "script": "மு",
    },
    Object {
      "ipa": "muː",
      "iso15919": "mū",
      "name": "muu",
      "phonetic": "muu",
      "script": "மூ",
    },
    Object {
      "ipa": "me",
      "iso15919": "me",
      "name": "me",
      "phonetic": "me",
      "script": "மெ",
    },
    Object {
      "ipa": "meː",
      "iso15919": "mē",
      "name": "mee",
      "phonetic": "mee",
      "script": "மே",
    },
    Object {
      "ipa": "maɪ",
      "iso15919": "mai",
      "name": "mai",
      "phonetic": "mai",
      "script": "மை",
    },
    Object {
      "ipa": "mo",
      "iso15919": "mo",
      "name": "mo",
      "phonetic": "mo",
      "script": "மொ",
    },
    Object {
      "ipa": "moː",
      "iso15919": "mō",
      "name": "moo",
      "phonetic": "moo",
      "script": "மோ",
    },
    Object {
      "ipa": "maʊ",
      "iso15919": "mau",
      "name": "mau",
      "phonetic": "mau",
      "script": "மௌ",
    },
  ],
  Array [
    Object {
      "ipa": "j",
      "iso15919": "y",
      "name": "y",
      "phonetic": "y",
      "script": "ய்",
    },
    Object {
      "ipa": "ja",
      "iso15919": "ya",
      "name": "ya",
      "phonetic": "ya",
      "script": "ய",
    },
    Object {
      "ipa": "jaː",
      "iso15919": "yā",
      "name": "yaa",
      "phonetic": "yaa",
      "script": "யா",
    },
    Object {
      "ipa": "ji",
      "iso15919": "yi",
      "name": "yi",
      "phonetic": "yi",
      "script": "யி",
    },
    Object {
      "ipa": "jiː",
      "iso15919": "yī",
      "name": "yii",
      "phonetic": "yii",
      "script": "யீ",
    },
    Object {
      "ipa": "ju",
      "iso15919": "yu",
      "name": "yu",
      "phonetic": "yu",
      "script": "யு",
    },
    Object {
      "ipa": "juː",
      "iso15919": "yū",
      "name": "yuu",
      "phonetic": "yuu",
      "script": "யூ",
    },
    Object {
      "ipa": "je",
      "iso15919": "ye",
      "name": "ye",
      "phonetic": "ye",
      "script": "யெ",
    },
    Object {
      "ipa": "jeː",
      "iso15919": "yē",
      "name": "yee",
      "phonetic": "yee",
      "script": "யே",
    },
    Object {
      "ipa": "jaɪ",
      "iso15919": "yai",
      "name": "yai",
      "phonetic": "yai",
      "script": "யை",
    },
    Object {
      "ipa": "jo",
      "iso15919": "yo",
      "name": "yo",
      "phonetic": "yo",
      "script": "யொ",
    },
    Object {
      "ipa": "joː",
      "iso15919": "yō",
      "name": "yoo",
      "phonetic": "yoo",
      "script": "யோ",
    },
    Object {
      "ipa": "jaʊ",
      "iso15919": "yau",
      "name": "yau",
      "phonetic": "yau",
      "script": "யௌ",
    },
  ],
  Array [
    Object {
      "ipa": "ɾ",
      "iso15919": "r",
      "name": "r",
      "phonetic": "r",
      "script": "ர்",
    },
    Object {
      "ipa": "ɾa",
      "iso15919": "ra",
      "name": "ta",
      "phonetic": "ta",
      "script": "ர",
    },
    Object {
      "ipa": "ɾaː",
      "iso15919": "rā",
      "name": "taa",
      "phonetic": "taa",
      "script": "ரா",
    },
    Object {
      "ipa": "ɾi",
      "iso15919": "ri",
      "name": "ti",
      "phonetic": "ti",
      "script": "ரி",
    },
    Object {
      "ipa": "ɾiː",
      "iso15919": "rī",
      "name": "tii",
      "phonetic": "tii",
      "script": "ரீ",
    },
    Object {
      "ipa": "ɾu",
      "iso15919": "ru",
      "name": "tu",
      "phonetic": "tu",
      "script": "ரு",
    },
    Object {
      "ipa": "ɾuː",
      "iso15919": "rū",
      "name": "tuu",
      "phonetic": "tuu",
      "script": "ரூ",
    },
    Object {
      "ipa": "ɾe",
      "iso15919": "re",
      "name": "te",
      "phonetic": "te",
      "script": "ரெ",
    },
    Object {
      "ipa": "ɾeː",
      "iso15919": "rē",
      "name": "tee",
      "phonetic": "tee",
      "script": "ரே",
    },
    Object {
      "ipa": "ɾaɪ",
      "iso15919": "rai",
      "name": "tai",
      "phonetic": "tai",
      "script": "ரை",
    },
    Object {
      "ipa": "ɾo",
      "iso15919": "ro",
      "name": "to",
      "phonetic": "to",
      "script": "ரொ",
    },
    Object {
      "ipa": "ɾoː",
      "iso15919": "rō",
      "name": "too",
      "phonetic": "too",
      "script": "ரோ",
    },
    Object {
      "ipa": "ɾaʊ",
      "iso15919": "rau",
      "name": "tau",
      "phonetic": "tau",
      "script": "ரௌ",
    },
  ],
  Array [
    Object {
      "ipa": "l",
      "iso15919": "l",
      "name": "l",
      "phonetic": "l",
      "script": "ல்",
    },
    Object {
      "ipa": "la",
      "iso15919": "la",
      "name": "la",
      "phonetic": "la",
      "script": "ல",
    },
    Object {
      "ipa": "laː",
      "iso15919": "lā",
      "name": "laa",
      "phonetic": "laa",
      "script": "லா",
    },
    Object {
      "ipa": "li",
      "iso15919": "li",
      "name": "li",
      "phonetic": "li",
      "script": "லி",
    },
    Object {
      "ipa": "liː",
      "iso15919": "lī",
      "name": "lii",
      "phonetic": "lii",
      "script": "லீ",
    },
    Object {
      "ipa": "lu",
      "iso15919": "lu",
      "name": "lu",
      "phonetic": "lu",
      "script": "லு",
    },
    Object {
      "ipa": "luː",
      "iso15919": "lū",
      "name": "luu",
      "phonetic": "luu",
      "script": "லூ",
    },
    Object {
      "ipa": "le",
      "iso15919": "le",
      "name": "le",
      "phonetic": "le",
      "script": "லெ",
    },
    Object {
      "ipa": "leː",
      "iso15919": "lē",
      "name": "lee",
      "phonetic": "lee",
      "script": "லே",
    },
    Object {
      "ipa": "laɪ",
      "iso15919": "lai",
      "name": "lai",
      "phonetic": "lai",
      "script": "லை",
    },
    Object {
      "ipa": "lo",
      "iso15919": "lo",
      "name": "lo",
      "phonetic": "lo",
      "script": "லொ",
    },
    Object {
      "ipa": "loː",
      "iso15919": "lō",
      "name": "loo",
      "phonetic": "loo",
      "script": "லோ",
    },
    Object {
      "ipa": "laʊ",
      "iso15919": "lau",
      "name": "lau",
      "phonetic": "lau",
      "script": "லௌ",
    },
  ],
  Array [
    Object {
      "ipa": "ʋ",
      "iso15919": "v",
      "name": "v",
      "phonetic": "v",
      "script": "வ்",
    },
    Object {
      "ipa": "ʋa",
      "iso15919": "va",
      "name": "va",
      "phonetic": "va",
      "script": "வ",
    },
    Object {
      "ipa": "ʋaː",
      "iso15919": "vā",
      "name": "vaa",
      "phonetic": "vaa",
      "script": "வா",
    },
    Object {
      "ipa": "ʋi",
      "iso15919": "vi",
      "name": "vi",
      "phonetic": "vi",
      "script": "வி",
    },
    Object {
      "ipa": "ʋiː",
      "iso15919": "vī",
      "name": "vii",
      "phonetic": "vii",
      "script": "வீ",
    },
    Object {
      "ipa": "ʋu",
      "iso15919": "vu",
      "name": "vu",
      "phonetic": "vu",
      "script": "வு",
    },
    Object {
      "ipa": "ʋuː",
      "iso15919": "vū",
      "name": "vuu",
      "phonetic": "vuu",
      "script": "வூ",
    },
    Object {
      "ipa": "ʋe",
      "iso15919": "ve",
      "name": "ve",
      "phonetic": "ve",
      "script": "வெ",
    },
    Object {
      "ipa": "ʋeː",
      "iso15919": "vē",
      "name": "vee",
      "phonetic": "vee",
      "script": "வே",
    },
    Object {
      "ipa": "ʋaɪ",
      "iso15919": "vai",
      "name": "vai",
      "phonetic": "vai",
      "script": "வை",
    },
    Object {
      "ipa": "ʋo",
      "iso15919": "vo",
      "name": "vo",
      "phonetic": "vo",
      "script": "வொ",
    },
    Object {
      "ipa": "ʋoː",
      "iso15919": "vō",
      "name": "voo",
      "phonetic": "voo",
      "script": "வோ",
    },
    Object {
      "ipa": "ʋaʊ",
      "iso15919": "vau",
      "name": "vau",
      "phonetic": "vau",
      "script": "வௌ",
    },
  ],
  Array [
    Object {
      "ipa": "ɻ",
      "iso15919": "ḻ",
      "name": "zh",
      "phonetic": "zh",
      "script": "ழ்",
    },
    Object {
      "ipa": "ɻa",
      "iso15919": "ḻa",
      "name": "zha",
      "phonetic": "zha",
      "script": "ழ",
    },
    Object {
      "ipa": "ɻaː",
      "iso15919": "ḻā",
      "name": "zhaa",
      "phonetic": "zhaa",
      "script": "ழா",
    },
    Object {
      "ipa": "ɻi",
      "iso15919": "ḻi",
      "name": "zhi",
      "phonetic": "zhi",
      "script": "ழி",
    },
    Object {
      "ipa": "ɻiː",
      "iso15919": "ḻī",
      "name": "zhii",
      "phonetic": "zhii",
      "script": "ழீ",
    },
    Object {
      "ipa": "ɻu",
      "iso15919": "ḻu",
      "name": "zhu",
      "phonetic": "zhu",
      "script": "ழு",
    },
    Object {
      "ipa": "ɻuː",
      "iso15919": "ḻū",
      "name": "zhuu",
      "phonetic": "zhuu",
      "script": "ழூ",
    },
    Object {
      "ipa": "ɻe",
      "iso15919": "ḻe",
      "name": "zhe",
      "phonetic": "zhe",
      "script": "ழெ",
    },
    Object {
      "ipa": "ɻeː",
      "iso15919": "ḻē",
      "name": "zhee",
      "phonetic": "zhee",
      "script": "ழே",
    },
    Object {
      "ipa": "ɻaɪ",
      "iso15919": "ḻai",
      "name": "zhai",
      "phonetic": "zhai",
      "script": "ழை",
    },
    Object {
      "ipa": "ɻo",
      "iso15919": "ḻo",
      "name": "zho",
      "phonetic": "zho",
      "script": "ழொ",
    },
    Object {
      "ipa": "ɻoː",
      "iso15919": "ḻō",
      "name": "zhoo",
      "phonetic": "zhoo",
      "script": "ழோ",
    },
    Object {
      "ipa": "ɻaʊ",
      "iso15919": "ḻau",
      "name": "zhau",
      "phonetic": "zhau",
      "script": "ழௌ",
    },
  ],
  Array [
    Object {
      "ipa": "ɭ",
      "iso15919": "ḷ",
      "name": "ll",
      "phonetic": "L",
      "script": "ள்",
    },
    Object {
      "ipa": "ɭa",
      "iso15919": "ḷa",
      "name": "lla",
      "phonetic": "La",
      "script": "ள",
    },
    Object {
      "ipa": "ɭaː",
      "iso15919": "ḷā",
      "name": "llaa",
      "phonetic": "Laa",
      "script": "ளா",
    },
    Object {
      "ipa": "ɭi",
      "iso15919": "ḷi",
      "name": "lli",
      "phonetic": "Li",
      "script": "ளி",
    },
    Object {
      "ipa": "ɭiː",
      "iso15919": "ḷī",
      "name": "llii",
      "phonetic": "Lii",
      "script": "ளீ",
    },
    Object {
      "ipa": "ɭu",
      "iso15919": "ḷu",
      "name": "llu",
      "phonetic": "Lu",
      "script": "ளு",
    },
    Object {
      "ipa": "ɭuː",
      "iso15919": "ḷū",
      "name": "lluu",
      "phonetic": "Luu",
      "script": "ளூ",
    },
    Object {
      "ipa": "ɭe",
      "iso15919": "ḷe",
      "name": "lle",
      "phonetic": "Le",
      "script": "ளெ",
    },
    Object {
      "ipa": "ɭeː",
      "iso15919": "ḷē",
      "name": "llee",
      "phonetic": "Lee",
      "script": "ளே",
    },
    Object {
      "ipa": "ɭaɪ",
      "iso15919": "ḷai",
      "name": "llai",
      "phonetic": "Lai",
      "script": "ளை",
    },
    Object {
      "ipa": "ɭo",
      "iso15919": "ḷo",
      "name": "llo",
      "phonetic": "Lo",
      "script": "ளொ",
    },
    Object {
      "ipa": "ɭoː",
      "iso15919": "ḷō",
      "name": "lloo",
      "phonetic": "Loo",
      "script": "ளோ",
    },
    Object {
      "ipa": "ɭaʊ",
      "iso15919": "ḷau",
      "name": "llau",
      "phonetic": "Lau",
      "script": "ளௌ",
    },
  ],
  Array [
    Object {
      "ipa": "r",
      "iso15919": "ṟ",
      "name": "t",
      "phonetic": "t",
      "script": "ற்",
    },
    Object {
      "ipa": "ra",
      "iso15919": "ṟa",
      "name": "ra",
      "phonetic": "ra",
      "script": "ற",
    },
    Object {
      "ipa": "raː",
      "iso15919": "ṟā",
      "name": "raa",
      "phonetic": "raa",
      "script": "றா",
    },
    Object {
      "ipa": "ri",
      "iso15919": "ṟi",
      "name": "ri",
      "phonetic": "ri",
      "script": "றி",
    },
    Object {
      "ipa": "riː",
      "iso15919": "ṟī",
      "name": "rii",
      "phonetic": "rii",
      "script": "றீ",
    },
    Object {
      "ipa": "ru",
      "iso15919": "ṟu",
      "name": "ru",
      "phonetic": "ru",
      "script": "று",
    },
    Object {
      "ipa": "ruː",
      "iso15919": "ṟū",
      "name": "ruu",
      "phonetic": "ruu",
      "script": "றூ",
    },
    Object {
      "ipa": "re",
      "iso15919": "ṟe",
      "name": "re",
      "phonetic": "re",
      "script": "றெ",
    },
    Object {
      "ipa": "reː",
      "iso15919": "ṟē",
      "name": "ree",
      "phonetic": "ree",
      "script": "றே",
    },
    Object {
      "ipa": "raɪ",
      "iso15919": "ṟai",
      "name": "rai",
      "phonetic": "rai",
      "script": "றை",
    },
    Object {
      "ipa": "ro",
      "iso15919": "ṟo",
      "name": "ro",
      "phonetic": "ro",
      "script": "றொ",
    },
    Object {
      "ipa": "roː",
      "iso15919": "ṟō",
      "name": "roo",
      "phonetic": "roo",
      "script": "றோ",
    },
    Object {
      "ipa": "raʊ",
      "iso15919": "ṟau",
      "name": "rau",
      "phonetic": "rau",
      "script": "றௌ",
    },
  ],
  Array [
    Object {
      "ipa": "n",
      "iso15919": "ṉ",
      "name": "n",
      "phonetic": "n",
      "script": "ன்",
    },
    Object {
      "ipa": "na",
      "iso15919": "ṉa",
      "name": "na",
      "phonetic": "na",
      "script": "ன",
    },
    Object {
      "ipa": "naː",
      "iso15919": "ṉā",
      "name": "naa",
      "phonetic": "naa",
      "script": "னா",
    },
    Object {
      "ipa": "ni",
      "iso15919": "ṉi",
      "name": "ni",
      "phonetic": "ni",
      "script": "னி",
    },
    Object {
      "ipa": "niː",
      "iso15919": "ṉī",
      "name": "nii",
      "phonetic": "nii",
      "script": "னீ",
    },
    Object {
      "ipa": "nu",
      "iso15919": "ṉu",
      "name": "nu",
      "phonetic": "nu",
      "script": "னு",
    },
    Object {
      "ipa": "nuː",
      "iso15919": "ṉū",
      "name": "nuu",
      "phonetic": "nuu",
      "script": "னூ",
    },
    Object {
      "ipa": "ne",
      "iso15919": "ṉe",
      "name": "ne",
      "phonetic": "ne",
      "script": "னெ",
    },
    Object {
      "ipa": "neː",
      "iso15919": "ṉē",
      "name": "nee",
      "phonetic": "nee",
      "script": "னே",
    },
    Object {
      "ipa": "naɪ",
      "iso15919": "ṉai",
      "name": "nai",
      "phonetic": "nai",
      "script": "னை",
    },
    Object {
      "ipa": "no",
      "iso15919": "ṉo",
      "name": "no",
      "phonetic": "no",
      "script": "னொ",
    },
    Object {
      "ipa": "noː",
      "iso15919": "ṉō",
      "name": "noo",
      "phonetic": "noo",
      "script": "னோ",
    },
    Object {
      "ipa": "naʊ",
      "iso15919": "ṉau",
      "name": "nau",
      "phonetic": "nau",
      "script": "னௌ",
    },
  ],
]
`;
