// Jest Snapshot v1, https://goo.gl/fbAQLP

exports[`script tests exports scripts from json 1`] = `
[
  [
    {
      "index": 0,
      "ipa": "ḵ",
      "iso15919": "x",
      "romanization": "q",
      "script": "ஃ",
    },
    {
      "index": 1,
      "ipa": "a",
      "iso15919": "a",
      "romanization": "a",
      "script": "அ",
    },
    {
      "index": 2,
      "ipa": "aː",
      "iso15919": "ā",
      "romanization": "aa",
      "script": "ஆ",
    },
    {
      "index": 3,
      "ipa": "i",
      "iso15919": "i",
      "romanization": "i",
      "script": "இ",
    },
    {
      "index": 4,
      "ipa": "iː",
      "iso15919": "ī",
      "romanization": "ii",
      "script": "ஈ",
    },
    {
      "index": 5,
      "ipa": "u",
      "iso15919": "u",
      "romanization": "u",
      "script": "உ",
    },
    {
      "index": 6,
      "ipa": "uː",
      "iso15919": "ū",
      "romanization": "uu",
      "script": "ஊ",
    },
    {
      "index": 7,
      "ipa": "e",
      "iso15919": "e",
      "romanization": "e",
      "script": "எ",
    },
    {
      "index": 8,
      "ipa": "eː",
      "iso15919": "ē",
      "romanization": "ee",
      "script": "ஏ",
    },
    {
      "index": 9,
      "ipa": "aɪ",
      "iso15919": "ai",
      "romanization": "ai",
      "script": "ஐ",
    },
    {
      "index": 10,
      "ipa": "o",
      "iso15919": "o",
      "romanization": "o",
      "script": "ஒ",
    },
    {
      "index": 11,
      "ipa": "oː",
      "iso15919": "ō",
      "romanization": "oo",
      "script": "ஓ",
    },
    {
      "index": 12,
      "ipa": "aʊ",
      "iso15919": "au",
      "romanization": "au",
      "script": "ஔ",
    },
  ],
  [
    {
      "index": 13,
      "ipa": "k",
      "iso15919": "k",
      "romanization": "k",
      "script": "க்",
    },
    {
      "index": 14,
      "ipa": "ka",
      "iso15919": "ka",
      "romanization": "ka",
      "script": "க",
    },
    {
      "index": 15,
      "ipa": "kaː",
      "iso15919": "kā",
      "romanization": "kaa",
      "script": "கா",
    },
    {
      "index": 16,
      "ipa": "ki",
      "iso15919": "ki",
      "romanization": "ki",
      "script": "கி",
    },
    {
      "index": 17,
      "ipa": "kiː",
      "iso15919": "kī",
      "romanization": "kii",
      "script": "கீ",
    },
    {
      "index": 18,
      "ipa": "ku",
      "iso15919": "ku",
      "romanization": "ku",
      "script": "கு",
    },
    {
      "index": 19,
      "ipa": "kuː",
      "iso15919": "kū",
      "romanization": "kuu",
      "script": "கூ",
    },
    {
      "index": 20,
      "ipa": "ke",
      "iso15919": "ke",
      "romanization": "ke",
      "script": "கெ",
    },
    {
      "index": 21,
      "ipa": "keː",
      "iso15919": "kē",
      "romanization": "kee",
      "script": "கே",
    },
    {
      "index": 22,
      "ipa": "kaɪ",
      "iso15919": "kai",
      "romanization": "kai",
      "script": "கை",
    },
    {
      "index": 23,
      "ipa": "ko",
      "iso15919": "ko",
      "romanization": "ko",
      "script": "கொ",
    },
    {
      "index": 24,
      "ipa": "koː",
      "iso15919": "kō",
      "romanization": "koo",
      "script": "கோ",
    },
    {
      "index": 25,
      "ipa": "kaʊ",
      "iso15919": "kau",
      "romanization": "kau",
      "script": "கௌ",
    },
  ],
  [
    {
      "index": 26,
      "ipa": "ŋ",
      "iso15919": "ṅ",
      "romanization": "ng",
      "script": "ங்",
    },
    {
      "index": 27,
      "ipa": "ŋa",
      "iso15919": "ṅa",
      "romanization": "nga",
      "script": "ங",
    },
    {
      "index": 28,
      "ipa": "ŋaː",
      "iso15919": "ṅā",
      "romanization": "ngaa",
      "script": "ஙா",
    },
    {
      "index": 29,
      "ipa": "ŋi",
      "iso15919": "ṅi",
      "romanization": "ngi",
      "script": "ஙி",
    },
    {
      "index": 30,
      "ipa": "ŋiː",
      "iso15919": "ṅī",
      "romanization": "ngii",
      "script": "ஙீ",
    },
    {
      "index": 31,
      "ipa": "ŋu",
      "iso15919": "ṅu",
      "romanization": "ngu",
      "script": "ஙு",
    },
    {
      "index": 32,
      "ipa": "ŋuː",
      "iso15919": "ṅū",
      "romanization": "nguu",
      "script": "ஙூ",
    },
    {
      "index": 33,
      "ipa": "ŋe",
      "iso15919": "ṅe",
      "romanization": "nge",
      "script": "ஙெ",
    },
    {
      "index": 34,
      "ipa": "ŋeː",
      "iso15919": "ṅē",
      "romanization": "ngee",
      "script": "ஙே",
    },
    {
      "index": 35,
      "ipa": "ŋaɪ",
      "iso15919": "ṅai",
      "romanization": "ngai",
      "script": "ஙை",
    },
    {
      "index": 36,
      "ipa": "ŋo",
      "iso15919": "ṅo",
      "romanization": "ngo",
      "script": "ஙொ",
    },
    {
      "index": 37,
      "ipa": "ŋoː",
      "iso15919": "ṅō",
      "romanization": "ngoo",
      "script": "ஙோ",
    },
    {
      "index": 38,
      "ipa": "ŋaʊ",
      "iso15919": "ṅau",
      "romanization": "ngau",
      "script": "ஙௌ",
    },
  ],
  [
    {
      "index": 39,
      "ipa": "t͡ɕ",
      "iso15919": "c",
      "romanization": "c",
      "script": "ச்",
    },
    {
      "index": 40,
      "ipa": "t͡ɕa",
      "iso15919": "ca",
      "romanization": "sa",
      "script": "ச",
    },
    {
      "index": 41,
      "ipa": "t͡ɕaː",
      "iso15919": "cā",
      "romanization": "saa",
      "script": "சா",
    },
    {
      "index": 42,
      "ipa": "t͡ɕi",
      "iso15919": "ci",
      "romanization": "si",
      "script": "சி",
    },
    {
      "index": 43,
      "ipa": "t͡ɕiː",
      "iso15919": "cī",
      "romanization": "sii",
      "script": "சீ",
    },
    {
      "index": 44,
      "ipa": "t͡ɕu",
      "iso15919": "cu",
      "romanization": "su",
      "script": "சு",
    },
    {
      "index": 45,
      "ipa": "t͡ɕuː",
      "iso15919": "cū",
      "romanization": "suu",
      "script": "சூ",
    },
    {
      "index": 46,
      "ipa": "t͡ɕe",
      "iso15919": "ce",
      "romanization": "se",
      "script": "செ",
    },
    {
      "index": 47,
      "ipa": "t͡ɕeː",
      "iso15919": "cē",
      "romanization": "see",
      "script": "சே",
    },
    {
      "index": 48,
      "ipa": "t͡ɕaɪ",
      "iso15919": "cai",
      "romanization": "sai",
      "script": "சை",
    },
    {
      "index": 49,
      "ipa": "t͡ɕo",
      "iso15919": "co",
      "romanization": "so",
      "script": "சொ",
    },
    {
      "index": 50,
      "ipa": "t͡ɕoː",
      "iso15919": "cō",
      "romanization": "soo",
      "script": "சோ",
    },
    {
      "index": 51,
      "ipa": "t͡ɕaʊ",
      "iso15919": "cau",
      "romanization": "sau",
      "script": "சௌ",
    },
  ],
  [
    {
      "index": 52,
      "ipa": "ɲ",
      "iso15919": "ñ",
      "romanization": "nj",
      "script": "ஞ்",
    },
    {
      "index": 53,
      "ipa": "ɲa",
      "iso15919": "ña",
      "romanization": "nja",
      "script": "ஞ",
    },
    {
      "index": 54,
      "ipa": "ɲaː",
      "iso15919": "ñā",
      "romanization": "njaa",
      "script": "ஞா",
    },
    {
      "index": 55,
      "ipa": "ɲi",
      "iso15919": "ñi",
      "romanization": "nji",
      "script": "ஞி",
    },
    {
      "index": 56,
      "ipa": "ɲiː",
      "iso15919": "ñī",
      "romanization": "njii",
      "script": "ஞீ",
    },
    {
      "index": 57,
      "ipa": "ɲu",
      "iso15919": "ñu",
      "romanization": "nju",
      "script": "ஞு",
    },
    {
      "index": 58,
      "ipa": "ɲuː",
      "iso15919": "ñū",
      "romanization": "njuu",
      "script": "ஞூ",
    },
    {
      "index": 59,
      "ipa": "ɲe",
      "iso15919": "ñe",
      "romanization": "nje",
      "script": "ஞெ",
    },
    {
      "index": 60,
      "ipa": "ɲeː",
      "iso15919": "ñē",
      "romanization": "njee",
      "script": "ஞே",
    },
    {
      "index": 61,
      "ipa": "ɲaɪ",
      "iso15919": "ñai",
      "romanization": "njai",
      "script": "ஞை",
    },
    {
      "index": 62,
      "ipa": "ɲo",
      "iso15919": "ño",
      "romanization": "njo",
      "script": "ஞொ",
    },
    {
      "index": 63,
      "ipa": "ɲoː",
      "iso15919": "ñō",
      "romanization": "njoo",
      "script": "ஞோ",
    },
    {
      "index": 64,
      "ipa": "ɲaʊ",
      "iso15919": "ñau",
      "romanization": "njau",
      "script": "ஞௌ",
    },
  ],
  [
    {
      "index": 65,
      "ipa": "ɖ",
      "iso15919": "ṭ",
      "romanization": "d",
      "script": "ட்",
    },
    {
      "index": 66,
      "ipa": "ɖa",
      "iso15919": "ṭa",
      "romanization": "da",
      "script": "ட",
    },
    {
      "index": 67,
      "ipa": "ɖaː",
      "iso15919": "ṭā",
      "romanization": "daa",
      "script": "டா",
    },
    {
      "index": 68,
      "ipa": "ɖi",
      "iso15919": "ṭi",
      "romanization": "di",
      "script": "டி",
    },
    {
      "index": 69,
      "ipa": "ɖiː",
      "iso15919": "ṭī",
      "romanization": "dii",
      "script": "டீ",
    },
    {
      "index": 70,
      "ipa": "ɖu",
      "iso15919": "ṭu",
      "romanization": "du",
      "script": "டு",
    },
    {
      "index": 71,
      "ipa": "ɖuː",
      "iso15919": "ṭū",
      "romanization": "duu",
      "script": "டூ",
    },
    {
      "index": 72,
      "ipa": "ɖe",
      "iso15919": "ṭe",
      "romanization": "de",
      "script": "டெ",
    },
    {
      "index": 73,
      "ipa": "ɖeː",
      "iso15919": "ṭē",
      "romanization": "dee",
      "script": "டே",
    },
    {
      "index": 74,
      "ipa": "ɖaɪ",
      "iso15919": "ṭai",
      "romanization": "dai",
      "script": "டை",
    },
    {
      "index": 75,
      "ipa": "ɖo",
      "iso15919": "ṭo",
      "romanization": "do",
      "script": "டொ",
    },
    {
      "index": 76,
      "ipa": "ɖoː",
      "iso15919": "ṭō",
      "romanization": "doo",
      "script": "டோ",
    },
    {
      "index": 77,
      "ipa": "ɖaʊ",
      "iso15919": "ṭau",
      "romanization": "dau",
      "script": "டௌ",
    },
  ],
  [
    {
      "index": 78,
      "ipa": "ɳ",
      "iso15919": "ṇ",
      "romanization": "N",
      "script": "ண்",
    },
    {
      "index": 79,
      "ipa": "ɳa",
      "iso15919": "ṇa",
      "romanization": "Na",
      "script": "ண",
    },
    {
      "index": 80,
      "ipa": "ɳaː",
      "iso15919": "ṇā",
      "romanization": "Naa",
      "script": "ணா",
    },
    {
      "index": 81,
      "ipa": "ɳi",
      "iso15919": "ṇi",
      "romanization": "Ni",
      "script": "ணி",
    },
    {
      "index": 82,
      "ipa": "ɳiː",
      "iso15919": "ṇī",
      "romanization": "Nii",
      "script": "ணீ",
    },
    {
      "index": 83,
      "ipa": "ɳu",
      "iso15919": "ṇu",
      "romanization": "Nu",
      "script": "ணு",
    },
    {
      "index": 84,
      "ipa": "ɳuː",
      "iso15919": "ṇū",
      "romanization": "Nuu",
      "script": "ணூ",
    },
    {
      "index": 85,
      "ipa": "ɳe",
      "iso15919": "ṇe",
      "romanization": "Ne",
      "script": "ணெ",
    },
    {
      "index": 86,
      "ipa": "ɳeː",
      "iso15919": "ṇē",
      "romanization": "Nee",
      "script": "ணே",
    },
    {
      "index": 87,
      "ipa": "ɳaɪ",
      "iso15919": "ṇai",
      "romanization": "Nai",
      "script": "ணை",
    },
    {
      "index": 88,
      "ipa": "ɳo",
      "iso15919": "ṇo",
      "romanization": "No",
      "script": "ணொ",
    },
    {
      "index": 89,
      "ipa": "ɳoː",
      "iso15919": "ṇō",
      "romanization": "Noo",
      "script": "ணோ",
    },
    {
      "index": 90,
      "ipa": "ɳaʊ",
      "iso15919": "ṇau",
      "romanization": "Nau",
      "script": "ணௌ",
    },
  ],
  [
    {
      "index": 91,
      "ipa": "t",
      "iso15919": "t",
      "romanization": "th",
      "script": "த்",
    },
    {
      "index": 92,
      "ipa": "ta",
      "iso15919": "ta",
      "romanization": "tha",
      "script": "த",
    },
    {
      "index": 93,
      "ipa": "taː",
      "iso15919": "tā",
      "romanization": "thaa",
      "script": "தா",
    },
    {
      "index": 94,
      "ipa": "ti",
      "iso15919": "ti",
      "romanization": "thi",
      "script": "தி",
    },
    {
      "index": 95,
      "ipa": "tiː",
      "iso15919": "tī",
      "romanization": "thii",
      "script": "தீ",
    },
    {
      "index": 96,
      "ipa": "tu",
      "iso15919": "tu",
      "romanization": "thu",
      "script": "து",
    },
    {
      "index": 97,
      "ipa": "tuː",
      "iso15919": "tū",
      "romanization": "thuu",
      "script": "தூ",
    },
    {
      "index": 98,
      "ipa": "te",
      "iso15919": "te",
      "romanization": "the",
      "script": "தெ",
    },
    {
      "index": 99,
      "ipa": "teː",
      "iso15919": "tē",
      "romanization": "thee",
      "script": "தே",
    },
    {
      "index": 100,
      "ipa": "taɪ",
      "iso15919": "tai",
      "romanization": "thai",
      "script": "தை",
    },
    {
      "index": 101,
      "ipa": "to",
      "iso15919": "to",
      "romanization": "tho",
      "script": "தொ",
    },
    {
      "index": 102,
      "ipa": "toː",
      "iso15919": "tō",
      "romanization": "thoo",
      "script": "தோ",
    },
    {
      "index": 103,
      "ipa": "taʊ",
      "iso15919": "tau",
      "romanization": "thau",
      "script": "தௌ",
    },
  ],
  [
    {
      "index": 104,
      "ipa": "n̪",
      "iso15919": "n",
      "romanization": "n",
      "script": "ந்",
    },
    {
      "index": 105,
      "ipa": "n̪a",
      "iso15919": "na",
      "romanization": "na",
      "script": "ந",
    },
    {
      "index": 106,
      "ipa": "n̪aː",
      "iso15919": "nā",
      "romanization": "naa",
      "script": "நா",
    },
    {
      "index": 107,
      "ipa": "n̪i",
      "iso15919": "ni",
      "romanization": "ni",
      "script": "நி",
    },
    {
      "index": 108,
      "ipa": "n̪iː",
      "iso15919": "nī",
      "romanization": "nii",
      "script": "நீ",
    },
    {
      "index": 109,
      "ipa": "n̪u",
      "iso15919": "nu",
      "romanization": "nu",
      "script": "நு",
    },
    {
      "index": 110,
      "ipa": "n̪uː",
      "iso15919": "nū",
      "romanization": "nuu",
      "script": "நூ",
    },
    {
      "index": 111,
      "ipa": "n̪e",
      "iso15919": "ne",
      "romanization": "ne",
      "script": "நெ",
    },
    {
      "index": 112,
      "ipa": "n̪eː",
      "iso15919": "nē",
      "romanization": "nee",
      "script": "நே",
    },
    {
      "index": 113,
      "ipa": "n̪aɪ",
      "iso15919": "nai",
      "romanization": "nai",
      "script": "நை",
    },
    {
      "index": 114,
      "ipa": "n̪o",
      "iso15919": "no",
      "romanization": "no",
      "script": "நொ",
    },
    {
      "index": 115,
      "ipa": "n̪oː",
      "iso15919": "nō",
      "romanization": "noo",
      "script": "நோ",
    },
    {
      "index": 116,
      "ipa": "n̪aʊ",
      "iso15919": "nau",
      "romanization": "nau",
      "script": "நௌ",
    },
  ],
  [
    {
      "index": 117,
      "ipa": "p",
      "iso15919": "p",
      "romanization": "p",
      "script": "ப்",
    },
    {
      "index": 118,
      "ipa": "pa",
      "iso15919": "pa",
      "romanization": "pa",
      "script": "ப",
    },
    {
      "index": 119,
      "ipa": "paː",
      "iso15919": "pā",
      "romanization": "paa",
      "script": "பா",
    },
    {
      "index": 120,
      "ipa": "pi",
      "iso15919": "pi",
      "romanization": "pi",
      "script": "பி",
    },
    {
      "index": 121,
      "ipa": "piː",
      "iso15919": "pī",
      "romanization": "pii",
      "script": "பீ",
    },
    {
      "index": 122,
      "ipa": "pu",
      "iso15919": "pu",
      "romanization": "pu",
      "script": "பு",
    },
    {
      "index": 123,
      "ipa": "puː",
      "iso15919": "pū",
      "romanization": "puu",
      "script": "பூ",
    },
    {
      "index": 124,
      "ipa": "pe",
      "iso15919": "pe",
      "romanization": "pe",
      "script": "பெ",
    },
    {
      "index": 125,
      "ipa": "peː",
      "iso15919": "pē",
      "romanization": "pee",
      "script": "பே",
    },
    {
      "index": 126,
      "ipa": "paɪ",
      "iso15919": "pai",
      "romanization": "pai",
      "script": "பை",
    },
    {
      "index": 127,
      "ipa": "po",
      "iso15919": "po",
      "romanization": "po",
      "script": "பொ",
    },
    {
      "index": 128,
      "ipa": "poː",
      "iso15919": "pō",
      "romanization": "poo",
      "script": "போ",
    },
    {
      "index": 129,
      "ipa": "paʊ",
      "iso15919": "pau",
      "romanization": "pau",
      "script": "பௌ",
    },
  ],
  [
    {
      "index": 130,
      "ipa": "m",
      "iso15919": "m",
      "romanization": "m",
      "script": "ம்",
    },
    {
      "index": 131,
      "ipa": "ma",
      "iso15919": "ma",
      "romanization": "ma",
      "script": "ம",
    },
    {
      "index": 132,
      "ipa": "maː",
      "iso15919": "mā",
      "romanization": "maa",
      "script": "மா",
    },
    {
      "index": 133,
      "ipa": "mi",
      "iso15919": "mi",
      "romanization": "mi",
      "script": "மி",
    },
    {
      "index": 134,
      "ipa": "miː",
      "iso15919": "mī",
      "romanization": "mii",
      "script": "மீ",
    },
    {
      "index": 135,
      "ipa": "mu",
      "iso15919": "mu",
      "romanization": "mu",
      "script": "மு",
    },
    {
      "index": 136,
      "ipa": "muː",
      "iso15919": "mū",
      "romanization": "muu",
      "script": "மூ",
    },
    {
      "index": 137,
      "ipa": "me",
      "iso15919": "me",
      "romanization": "me",
      "script": "மெ",
    },
    {
      "index": 138,
      "ipa": "meː",
      "iso15919": "mē",
      "romanization": "mee",
      "script": "மே",
    },
    {
      "index": 139,
      "ipa": "maɪ",
      "iso15919": "mai",
      "romanization": "mai",
      "script": "மை",
    },
    {
      "index": 140,
      "ipa": "mo",
      "iso15919": "mo",
      "romanization": "mo",
      "script": "மொ",
    },
    {
      "index": 141,
      "ipa": "moː",
      "iso15919": "mō",
      "romanization": "moo",
      "script": "மோ",
    },
    {
      "index": 142,
      "ipa": "maʊ",
      "iso15919": "mau",
      "romanization": "mau",
      "script": "மௌ",
    },
  ],
  [
    {
      "index": 143,
      "ipa": "j",
      "iso15919": "y",
      "romanization": "y",
      "script": "ய்",
    },
    {
      "index": 144,
      "ipa": "ja",
      "iso15919": "ya",
      "romanization": "ya",
      "script": "ய",
    },
    {
      "index": 145,
      "ipa": "jaː",
      "iso15919": "yā",
      "romanization": "yaa",
      "script": "யா",
    },
    {
      "index": 146,
      "ipa": "ji",
      "iso15919": "yi",
      "romanization": "yi",
      "script": "யி",
    },
    {
      "index": 147,
      "ipa": "jiː",
      "iso15919": "yī",
      "romanization": "yii",
      "script": "யீ",
    },
    {
      "index": 148,
      "ipa": "ju",
      "iso15919": "yu",
      "romanization": "yu",
      "script": "யு",
    },
    {
      "index": 149,
      "ipa": "juː",
      "iso15919": "yū",
      "romanization": "yuu",
      "script": "யூ",
    },
    {
      "index": 150,
      "ipa": "je",
      "iso15919": "ye",
      "romanization": "ye",
      "script": "யெ",
    },
    {
      "index": 151,
      "ipa": "jeː",
      "iso15919": "yē",
      "romanization": "yee",
      "script": "யே",
    },
    {
      "index": 152,
      "ipa": "jaɪ",
      "iso15919": "yai",
      "romanization": "yai",
      "script": "யை",
    },
    {
      "index": 153,
      "ipa": "jo",
      "iso15919": "yo",
      "romanization": "yo",
      "script": "யொ",
    },
    {
      "index": 154,
      "ipa": "joː",
      "iso15919": "yō",
      "romanization": "yoo",
      "script": "யோ",
    },
    {
      "index": 155,
      "ipa": "jaʊ",
      "iso15919": "yau",
      "romanization": "yau",
      "script": "யௌ",
    },
  ],
  [
    {
      "index": 156,
      "ipa": "ɾ",
      "iso15919": "r",
      "romanization": "r",
      "script": "ர்",
    },
    {
      "index": 157,
      "ipa": "ɾa",
      "iso15919": "ra",
      "romanization": "ra",
      "script": "ர",
    },
    {
      "index": 158,
      "ipa": "ɾaː",
      "iso15919": "rā",
      "romanization": "raa",
      "script": "ரா",
    },
    {
      "index": 159,
      "ipa": "ɾi",
      "iso15919": "ri",
      "romanization": "ri",
      "script": "ரி",
    },
    {
      "index": 160,
      "ipa": "ɾiː",
      "iso15919": "rī",
      "romanization": "rii",
      "script": "ரீ",
    },
    {
      "index": 161,
      "ipa": "ɾu",
      "iso15919": "ru",
      "romanization": "ru",
      "script": "ரு",
    },
    {
      "index": 162,
      "ipa": "ɾuː",
      "iso15919": "rū",
      "romanization": "ruu",
      "script": "ரூ",
    },
    {
      "index": 163,
      "ipa": "ɾe",
      "iso15919": "re",
      "romanization": "re",
      "script": "ரெ",
    },
    {
      "index": 164,
      "ipa": "ɾeː",
      "iso15919": "rē",
      "romanization": "ree",
      "script": "ரே",
    },
    {
      "index": 165,
      "ipa": "ɾaɪ",
      "iso15919": "rai",
      "romanization": "rai",
      "script": "ரை",
    },
    {
      "index": 166,
      "ipa": "ɾo",
      "iso15919": "ro",
      "romanization": "ro",
      "script": "ரொ",
    },
    {
      "index": 167,
      "ipa": "ɾoː",
      "iso15919": "rō",
      "romanization": "roo",
      "script": "ரோ",
    },
    {
      "index": 168,
      "ipa": "ɾaʊ",
      "iso15919": "rau",
      "romanization": "rau",
      "script": "ரௌ",
    },
  ],
  [
    {
      "index": 169,
      "ipa": "l",
      "iso15919": "l",
      "romanization": "l",
      "script": "ல்",
    },
    {
      "index": 170,
      "ipa": "la",
      "iso15919": "la",
      "romanization": "la",
      "script": "ல",
    },
    {
      "index": 171,
      "ipa": "laː",
      "iso15919": "lā",
      "romanization": "laa",
      "script": "லா",
    },
    {
      "index": 172,
      "ipa": "li",
      "iso15919": "li",
      "romanization": "li",
      "script": "லி",
    },
    {
      "index": 173,
      "ipa": "liː",
      "iso15919": "lī",
      "romanization": "lii",
      "script": "லீ",
    },
    {
      "index": 174,
      "ipa": "lu",
      "iso15919": "lu",
      "romanization": "lu",
      "script": "லு",
    },
    {
      "index": 175,
      "ipa": "luː",
      "iso15919": "lū",
      "romanization": "luu",
      "script": "லூ",
    },
    {
      "index": 176,
      "ipa": "le",
      "iso15919": "le",
      "romanization": "le",
      "script": "லெ",
    },
    {
      "index": 177,
      "ipa": "leː",
      "iso15919": "lē",
      "romanization": "lee",
      "script": "லே",
    },
    {
      "index": 178,
      "ipa": "laɪ",
      "iso15919": "lai",
      "romanization": "lai",
      "script": "லை",
    },
    {
      "index": 179,
      "ipa": "lo",
      "iso15919": "lo",
      "romanization": "lo",
      "script": "லொ",
    },
    {
      "index": 180,
      "ipa": "loː",
      "iso15919": "lō",
      "romanization": "loo",
      "script": "லோ",
    },
    {
      "index": 181,
      "ipa": "laʊ",
      "iso15919": "lau",
      "romanization": "lau",
      "script": "லௌ",
    },
  ],
  [
    {
      "index": 182,
      "ipa": "ʋ",
      "iso15919": "v",
      "romanization": "v",
      "script": "வ்",
    },
    {
      "index": 183,
      "ipa": "ʋa",
      "iso15919": "va",
      "romanization": "va",
      "script": "வ",
    },
    {
      "index": 184,
      "ipa": "ʋaː",
      "iso15919": "vā",
      "romanization": "vaa",
      "script": "வா",
    },
    {
      "index": 185,
      "ipa": "ʋi",
      "iso15919": "vi",
      "romanization": "vi",
      "script": "வி",
    },
    {
      "index": 186,
      "ipa": "ʋiː",
      "iso15919": "vī",
      "romanization": "vii",
      "script": "வீ",
    },
    {
      "index": 187,
      "ipa": "ʋu",
      "iso15919": "vu",
      "romanization": "vu",
      "script": "வு",
    },
    {
      "index": 188,
      "ipa": "ʋuː",
      "iso15919": "vū",
      "romanization": "vuu",
      "script": "வூ",
    },
    {
      "index": 189,
      "ipa": "ʋe",
      "iso15919": "ve",
      "romanization": "ve",
      "script": "வெ",
    },
    {
      "index": 190,
      "ipa": "ʋeː",
      "iso15919": "vē",
      "romanization": "vee",
      "script": "வே",
    },
    {
      "index": 191,
      "ipa": "ʋaɪ",
      "iso15919": "vai",
      "romanization": "vai",
      "script": "வை",
    },
    {
      "index": 192,
      "ipa": "ʋo",
      "iso15919": "vo",
      "romanization": "vo",
      "script": "வொ",
    },
    {
      "index": 193,
      "ipa": "ʋoː",
      "iso15919": "vō",
      "romanization": "voo",
      "script": "வோ",
    },
    {
      "index": 194,
      "ipa": "ʋaʊ",
      "iso15919": "vau",
      "romanization": "vau",
      "script": "வௌ",
    },
  ],
  [
    {
      "index": 195,
      "ipa": "ɻ",
      "iso15919": "ḻ",
      "romanization": "z",
      "script": "ழ்",
    },
    {
      "index": 196,
      "ipa": "ɻa",
      "iso15919": "ḻa",
      "romanization": "za",
      "script": "ழ",
    },
    {
      "index": 197,
      "ipa": "ɻaː",
      "iso15919": "ḻā",
      "romanization": "zaa",
      "script": "ழா",
    },
    {
      "index": 198,
      "ipa": "ɻi",
      "iso15919": "ḻi",
      "romanization": "zi",
      "script": "ழி",
    },
    {
      "index": 199,
      "ipa": "ɻiː",
      "iso15919": "ḻī",
      "romanization": "zii",
      "script": "ழீ",
    },
    {
      "index": 200,
      "ipa": "ɻu",
      "iso15919": "ḻu",
      "romanization": "zu",
      "script": "ழு",
    },
    {
      "index": 201,
      "ipa": "ɻuː",
      "iso15919": "ḻū",
      "romanization": "zuu",
      "script": "ழூ",
    },
    {
      "index": 202,
      "ipa": "ɻe",
      "iso15919": "ḻe",
      "romanization": "ze",
      "script": "ழெ",
    },
    {
      "index": 203,
      "ipa": "ɻeː",
      "iso15919": "ḻē",
      "romanization": "zee",
      "script": "ழே",
    },
    {
      "index": 204,
      "ipa": "ɻaɪ",
      "iso15919": "ḻai",
      "romanization": "zai",
      "script": "ழை",
    },
    {
      "index": 205,
      "ipa": "ɻo",
      "iso15919": "ḻo",
      "romanization": "zo",
      "script": "ழொ",
    },
    {
      "index": 206,
      "ipa": "ɻoː",
      "iso15919": "ḻō",
      "romanization": "zoo",
      "script": "ழோ",
    },
    {
      "index": 207,
      "ipa": "ɻaʊ",
      "iso15919": "ḻau",
      "romanization": "zau",
      "script": "ழௌ",
    },
  ],
  [
    {
      "index": 208,
      "ipa": "ɭ",
      "iso15919": "ḷ",
      "romanization": "L",
      "script": "ள்",
    },
    {
      "index": 209,
      "ipa": "ɭa",
      "iso15919": "ḷa",
      "romanization": "La",
      "script": "ள",
    },
    {
      "index": 210,
      "ipa": "ɭaː",
      "iso15919": "ḷā",
      "romanization": "Laa",
      "script": "ளா",
    },
    {
      "index": 211,
      "ipa": "ɭi",
      "iso15919": "ḷi",
      "romanization": "Li",
      "script": "ளி",
    },
    {
      "index": 212,
      "ipa": "ɭiː",
      "iso15919": "ḷī",
      "romanization": "Lii",
      "script": "ளீ",
    },
    {
      "index": 213,
      "ipa": "ɭu",
      "iso15919": "ḷu",
      "romanization": "Lu",
      "script": "ளு",
    },
    {
      "index": 214,
      "ipa": "ɭuː",
      "iso15919": "ḷū",
      "romanization": "Luu",
      "script": "ளூ",
    },
    {
      "index": 215,
      "ipa": "ɭe",
      "iso15919": "ḷe",
      "romanization": "Le",
      "script": "ளெ",
    },
    {
      "index": 216,
      "ipa": "ɭeː",
      "iso15919": "ḷē",
      "romanization": "Lee",
      "script": "ளே",
    },
    {
      "index": 217,
      "ipa": "ɭaɪ",
      "iso15919": "ḷai",
      "romanization": "Lai",
      "script": "ளை",
    },
    {
      "index": 218,
      "ipa": "ɭo",
      "iso15919": "ḷo",
      "romanization": "Lo",
      "script": "ளொ",
    },
    {
      "index": 219,
      "ipa": "ɭoː",
      "iso15919": "ḷō",
      "romanization": "Loo",
      "script": "ளோ",
    },
    {
      "index": 220,
      "ipa": "ɭaʊ",
      "iso15919": "ḷau",
      "romanization": "Lau",
      "script": "ளௌ",
    },
  ],
  [
    {
      "index": 221,
      "ipa": "r",
      "iso15919": "ṟ",
      "romanization": "R",
      "script": "ற்",
    },
    {
      "index": 222,
      "ipa": "ra",
      "iso15919": "ṟa",
      "romanization": "Ra",
      "script": "ற",
    },
    {
      "index": 223,
      "ipa": "raː",
      "iso15919": "ṟā",
      "romanization": "Raa",
      "script": "றா",
    },
    {
      "index": 224,
      "ipa": "ri",
      "iso15919": "ṟi",
      "romanization": "Ri",
      "script": "றி",
    },
    {
      "index": 225,
      "ipa": "riː",
      "iso15919": "ṟī",
      "romanization": "Rii",
      "script": "றீ",
    },
    {
      "index": 226,
      "ipa": "ru",
      "iso15919": "ṟu",
      "romanization": "Ru",
      "script": "று",
    },
    {
      "index": 227,
      "ipa": "ruː",
      "iso15919": "ṟū",
      "romanization": "Ruu",
      "script": "றூ",
    },
    {
      "index": 228,
      "ipa": "re",
      "iso15919": "ṟe",
      "romanization": "Re",
      "script": "றெ",
    },
    {
      "index": 229,
      "ipa": "reː",
      "iso15919": "ṟē",
      "romanization": "Ree",
      "script": "றே",
    },
    {
      "index": 230,
      "ipa": "raɪ",
      "iso15919": "ṟai",
      "romanization": "Rai",
      "script": "றை",
    },
    {
      "index": 231,
      "ipa": "ro",
      "iso15919": "ṟo",
      "romanization": "Ro",
      "script": "றொ",
    },
    {
      "index": 232,
      "ipa": "roː",
      "iso15919": "ṟō",
      "romanization": "Roo",
      "script": "றோ",
    },
    {
      "index": 233,
      "ipa": "raʊ",
      "iso15919": "ṟau",
      "romanization": "Rau",
      "script": "றௌ",
    },
  ],
  [
    {
      "index": 234,
      "ipa": "n",
      "iso15919": "ṉ",
      "romanization": "n",
      "script": "ன்",
    },
    {
      "index": 235,
      "ipa": "na",
      "iso15919": "ṉa",
      "romanization": "na",
      "script": "ன",
    },
    {
      "index": 236,
      "ipa": "naː",
      "iso15919": "ṉā",
      "romanization": "naa",
      "script": "னா",
    },
    {
      "index": 237,
      "ipa": "ni",
      "iso15919": "ṉi",
      "romanization": "ni",
      "script": "னி",
    },
    {
      "index": 238,
      "ipa": "niː",
      "iso15919": "ṉī",
      "romanization": "nii",
      "script": "னீ",
    },
    {
      "index": 239,
      "ipa": "nu",
      "iso15919": "ṉu",
      "romanization": "nu",
      "script": "னு",
    },
    {
      "index": 240,
      "ipa": "nuː",
      "iso15919": "ṉū",
      "romanization": "nuu",
      "script": "னூ",
    },
    {
      "index": 241,
      "ipa": "ne",
      "iso15919": "ṉe",
      "romanization": "ne",
      "script": "னெ",
    },
    {
      "index": 242,
      "ipa": "neː",
      "iso15919": "ṉē",
      "romanization": "nee",
      "script": "னே",
    },
    {
      "index": 243,
      "ipa": "naɪ",
      "iso15919": "ṉai",
      "romanization": "nai",
      "script": "னை",
    },
    {
      "index": 244,
      "ipa": "no",
      "iso15919": "ṉo",
      "romanization": "no",
      "script": "னொ",
    },
    {
      "index": 245,
      "ipa": "noː",
      "iso15919": "ṉō",
      "romanization": "noo",
      "script": "னோ",
    },
    {
      "index": 246,
      "ipa": "naʊ",
      "iso15919": "ṉau",
      "romanization": "nau",
      "script": "னௌ",
    },
  ],
]
`;
